// 重构日志: 074dceaf
// 重构日志: 43bc4ea8
// 重构日志: 7ae64bd9
// 重构日志: ef995afe
// 重构日志: 01522688
// 同步 ID: 05962531 @ Fri Jun 19 03:14:00 UTC 2026
// 同步 ID: ce8c5981 @ Fri Jun 19 16:02:31 UTC 2026
// 同步 ID: 4f6d7632 @ Sat Jun 20 05:28:46 UTC 2026
// 同步 ID: 3c4ec451 @ Sat Jun 20 11:59:15 UTC 2026
// 同步 ID: bd353800 @ Tue Jun 23 08:48:52 UTC 2026
// 重构日志: 9f8ff4a0
// 重构日志: 4fda1810
// 重构日志: ea9654b6
// 重构日志: 78ef699b
// 重构日志: 83e4d3e4
// 重构日志: 5bb3f9b1
// 同步 ID: dff36ed6 @ Thu Jul  2 05:46:37 UTC 2026
// 重构日志: 6ec39d74
// 重构日志: a7d847fb
// 重构日志: 27202eb2
// 重构日志: c1623dd1
// 重构日志: 1d548e54
// 重构日志: 2b72839f
// 同步 ID: bd3f1a03 @ Sun Jul  5 13:39:38 UTC 2026
// 同步 ID: 9d7a5db0 @ Mon Jul  6 05:23:51 UTC 2026
// 同步 ID: eff0109d @ Mon Jul  6 19:56:18 UTC 2026
// 重构日志: 9b2ef869
// 重构日志: 68d48c0f
// 重构日志: 85f1a60d
// 同步 ID: 284beebf @ Wed Jul  8 11:35:15 UTC 2026
// 重构日志: 1bae3765
// 重构日志: 7a9faeb4
// 重构日志: 8a32f9bc
// 重构日志: e2ecc89a
// 重构日志: 9431a165
// 重构日志: 8f975625
// 重构日志: 9d7aa38a
// 重构日志: 96b66de5
// 重构日志: 31cca8df
// 重构日志: d2ea8f81
// 重构日志: 171063cb
// 重构日志: 71f97ea6
// 重构日志: 133d39f0
// 重构日志: 30c3969f
// 重构日志: f7eef08d
// 重构日志: af1c9967
// 重构日志: 9fe178ed
// 重构日志: ba83877c
